[3x-income.com/index.html]
[backblue.gif]
[fade.gif]
[index.html]
[3x-income.com/wp-includes/css/dist/block-library/style.min6a4d.css]
[3x-income.com/indexa6da.html]
[3x-income.com/wp-includes/css/classic-themes.min68b3.css]
[3x-income.com/indexd784.html]
[3x-income.com/wp-content/plugins/google-language-translator/css/styled2fe.css]
[3x-income.com/wp-content/plugins/google-language-translator/css/toolbard2fe.css]
[3x-income.com/wp-content/themes/web-development/assets/css/font-awesome6a4d.css]
[3x-income.com/wp-content/themes/web-development/assets/css/bootstrap6a4d.css]
[3x-income.com/wp-content/themes/web-development/assets/css/owl.carousel6a4d.css]
[3x-income.com/wp-content/themes/web-development/assets/css/default.css]
[3x-income.com/wp-content/themes/web-development/assets/images/testiminial-bg.jpg]
[3x-income.com/wp-content/themes/web-development/style6a4d.css]
[3x-income.com/wp-includes/js/jquery/jquery.mina7a0.js]
[3x-income.com/wp-includes/js/jquery/jquery-migrate.mind617.js]
[3x-income.com/wp-content/themes/web-development/assets/js/owl.carousel6a4d.js]
[3x-income.com/wp-content/themes/web-development/assets/js/default6a4d.js]
[3x-income.com/index52f0.json]
[3x-income.com/index59b4.json]
[3x-income.com/xmlrpc0db0.php]
[3x-income.com/wp-includes/wlwmanifest.xml]
[3x-income.com/indexdd71.json]
[3x-income.com/indexda32.php]
[3x-income.com/wp-content/uploads/2019/03/pay-bitcoin-9-779578-100x100.png]
[3x-income.com/wp-content/uploads/2019/03/pay-bitcoin-9-779578.png]
[3x-income.com/wp-content/uploads/2022/03/2021plans.jpg]
[3x-income.com/wp-includes/css/dashicons.min6a4d.css]
[3x-income.com/wp-content/plugins/ninja-forms/assets/css/display-structure6a4d.css]
[3x-income.com/wp-content/plugins/google-language-translator/js/scriptsd2fe.js]
[translate.google.com/translate_a/elementcd15.js]
[3x-income.com/wp-includes/js/comment-reply.min6a4d.js]
[3x-income.com/wp-includes/js/underscore.mind584.js]
[3x-income.com/wp-includes/js/backbone.min330a.js]
[3x-income.com/wp-content/plugins/ninja-forms/assets/js/min/front-end-deps5030.js]
[3x-income.com/wp-content/plugins/ninja-forms/assets/js/min/front-end5030.js]
[3x-income.com/index.html]
[3x-income.com/wp-includes/css/dist/block-library/style.min6a4d.css]
[3x-income.com/wp-includes/css/classic-themes.min68b3.css]
[3x-income.com/wp-content/plugins/google-language-translator/images/flags20.png]
[3x-income.com/wp-content/plugins/google-language-translator/images/flags18.png]
[3x-income.com/wp-content/plugins/google-language-translator/images/flags16.png]
[3x-income.com/wp-content/plugins/google-language-translator/images/flags.png]
[3x-income.com/wp-content/plugins/google-language-translator/css/styled2fe.css]
[3x-income.com/wp-content/plugins/google-language-translator/css/toolbard2fe.css]
[3x-income.com/wp-content/themes/web-development/assets/fonts/fontawesome-webfont3e6e.eot]
[3x-income.com/wp-content/themes/web-development/assets/fonts/fontawesome-webfontd41d.eot]
[3x-income.com/wp-content/themes/web-development/assets/fonts/fontawesome-webfont3e6e.woff2]
[3x-income.com/wp-content/themes/web-development/assets/fonts/fontawesome-webfont3e6e.woff]
[3x-income.com/wp-content/themes/web-development/assets/fonts/fontawesome-webfont3e6e.ttf]
[3x-income.com/wp-content/themes/web-development/assets/css/font-awesome6a4d.css]
[3x-income.com/wp-content/themes/web-development/assets/fonts/fontawesome-webfont3e6e.svg]
[3x-income.com/wp-content/themes/web-development/assets/css/bootstrap6a4d.css]
[3x-income.com/wp-content/themes/web-development/assets/css/owl.carousel6a4d.css]
[3x-income.com/wp-content/themes/web-development/assets/css/default.css]
[3x-income.com/wp-content/themes/web-development/style6a4d.css]
[3x-income.com/trip/wp-content/uploads/2019/03/cropped-Cryptocurrency-2.html]
[3x-income.com/trip/wp-content/uploads/2019/03/Reg_Certificate-212x300.html]
[3x-income.com/trip/wp-content/uploads/2019/03/procesory.html]
[3x-income.com/trip/wp-content/uploads/2019/03/Untitled-1024x678.html]
[3x-income.com/trip/wp-content/uploads/2019/03/qr.html]
[3x-income.com/wp-includes/fonts/dashicons7d4b.eot]
[3x-income.com/wp-includes/fonts/dashicons7d4b.ttf]
[3x-income.com/wp-includes/css/dashicons.min6a4d.css]
[3x-income.com/wp-content/plugins/ninja-forms/assets/img/help-info.png]
[3x-income.com/wp-content/plugins/ninja-forms/assets/css/display-structure6a4d.css]
[3x-income.com/wp-content/themes/web-development/assets/fonts/fontawesome-webfont3e6e.svg]
[3x-income.com/wp-content/themes/web-development/assets/fonts/glyphicons-halflings-regular.html]
[3x-income.com/wp-content/themes/web-development/assets/fonts/glyphicons-halflings-regulard41d.html]
[3x-income.com/wp-content/themes/web-development/assets/fonts/glyphicons-halflings-regular-2.html]
[3x-income.com/wp-content/themes/web-development/assets/fonts/glyphicons-halflings-regular-3.html]
[3x-income.com/wp-content/themes/web-development/assets/fonts/glyphicons-halflings-regular-4.html]
[3x-income.com/wp-content/themes/web-development/assets/fonts/glyphicons-halflings-regular-5.html]
[3x-income.com/wp-content/themes/web-development/assets/css/owl.video.play.html]
[code.tidio.co_443/n4skz3ptpnuo690aay2neq7tonurcqlh.js]
[3x-income.com/wp-content/plugins/google-language-translator/images/flags22.png]
